BL51 BANKED LINKER/LOCATER V6.22                                                        08/24/2017  09:29:14  PAGE 1


BL51 BANKED LINKER/LOCATER V6.22, INVOKED BY:
D:\DEVELOPMENTTOOLS\KEIL 5\C51\BIN\BL51.EXE .\Objects\main.obj, .\Objects\delay.obj TO .\Objects\Graduation Test PRINT (
>> .\Listings\Graduation Test.m51) RAMSIZE (256)


MEMORY MODEL: SMALL


INPUT MODULES INCLUDED:
  .\Objects\main.obj (MAIN)
  .\Objects\delay.obj (DELAY)
  D:\DEVELOPMENTTOOLS\KEIL 5\C51\LIB\C51S.LIB (?C_STARTUP)
  D:\DEVELOPMENTTOOLS\KEIL 5\C51\LIB\C51S.LIB (?C?CLDOPTR)
  D:\DEVELOPMENTTOOLS\KEIL 5\C51\LIB\C51S.LIB (PRINTF)
  D:\DEVELOPMENTTOOLS\KEIL 5\C51\LIB\C51S.LIB (?C_INIT)
  D:\DEVELOPMENTTOOLS\KEIL 5\C51\LIB\C51S.LIB (?C?CLDPTR)
  D:\DEVELOPMENTTOOLS\KEIL 5\C51\LIB\C51S.LIB (?C?CSTPTR)
  D:\DEVELOPMENTTOOLS\KEIL 5\C51\LIB\C51S.LIB (?C?PLDIIDATA)
  D:\DEVELOPMENTTOOLS\KEIL 5\C51\LIB\C51S.LIB (?C?CCASE)
  D:\DEVELOPMENTTOOLS\KEIL 5\C51\LIB\C51S.LIB (PUTCHAR)


LINK MAP OF MODULE:  .\Objects\Graduation Test (MAIN)


            TYPE    BASE      LENGTH    RELOCATION   SEGMENT NAME
            -----------------------------------------------------

            * * * * * * *   D A T A   M E M O R Y   * * * * * * *
            REG     0000H     0008H     ABSOLUTE     "REG BANK 0"
            DATA    0008H     0018H     UNIT         _DATA_GROUP_
            BIT     0020H.0   0001H.1   UNIT         _BIT_GROUP_
                    0021H.1   0000H.7                *** GAP ***
            DATA    0022H     0017H     UNIT         ?DT?MAIN
            IDATA   0039H     0001H     UNIT         ?STACK

            * * * * * * *   C O D E   M E M O R Y   * * * * * * *
            CODE    0000H     0003H     ABSOLUTE     
            CODE    0003H     001FH     UNIT         ?PR?SER_INT?MAIN
                    0022H     0001H                  *** GAP ***
            CODE    0023H     0003H     ABSOLUTE     
            CODE    0026H     035CH     UNIT         ?PR?PRINTF?PRINTF
            CODE    0382H     00B1H     UNIT         ?CO?MAIN
            CODE    0433H     0097H     UNIT         ?PR?INITESP8266?MAIN
            CODE    04CAH     008EH     UNIT         ?C?LIB_CODE
            CODE    0558H     008CH     UNIT         ?C_C51STARTUP
            CODE    05E4H     006AH     UNIT         ?PR?RH?MAIN
            CODE    064EH     0055H     UNIT         ?PR?_ESP8266SEND?MAIN
            CODE    06A3H     0049H     UNIT         ?PR?COM?MAIN
            CODE    06ECH     0027H     UNIT         ?PR?PUTCHAR?PUTCHAR
            CODE    0713H     001EH     UNIT         ?PR?_DELAY?DELAY
            CODE    0731H     001BH     UNIT         ?PR?MAIN?MAIN
            CODE    074CH     001AH     UNIT         ?PR?_DELAY_MS?DELAY
            CODE    0766H     0019H     UNIT         ?PR?INITUART?MAIN
            CODE    077FH     000FH     UNIT         ?PR?DELAY18MS?DELAY
            CODE    078EH     000BH     UNIT         ?C_INITSEG
            CODE    0799H     0008H     UNIT         ?PR?DELAY_10US?DELAY

BL51 BANKED LINKER/LOCATER V6.22                                                      08/24/2017  09:29:14  PAGE 2




OVERLAY MAP OF MODULE:   .\Objects\Graduation Test (MAIN)


SEGMENT                           BIT_GROUP          DATA_GROUP 
  +--> CALLED SEGMENT          START    LENGTH     START    LENGTH
------------------------------------------------------------------
?C_C51STARTUP                  -----    -----      -----    -----
  +--> ?PR?MAIN?MAIN
  +--> ?C_INITSEG

?PR?MAIN?MAIN                  -----    -----      -----    -----
  +--> ?PR?INITUART?MAIN
  +--> ?PR?INITESP8266?MAIN
  +--> ?PR?RH?MAIN
  +--> ?PR?_ESP8266SEND?MAIN
  +--> ?PR?_DELAY?DELAY

?PR?INITESP8266?MAIN           -----    -----      -----    -----
  +--> ?PR?_DELAY_MS?DELAY
  +--> ?CO?MAIN
  +--> ?PR?PRINTF?PRINTF

?PR?PRINTF?PRINTF              0020H.0  0001H.1    000CH    0014H
  +--> ?PR?PUTCHAR?PUTCHAR

?PR?RH?MAIN                    -----    -----      -----    -----
  +--> ?PR?DELAY18MS?DELAY
  +--> ?PR?DELAY_10US?DELAY
  +--> ?PR?COM?MAIN

?PR?COM?MAIN                   -----    -----      0008H    0001H
  +--> ?PR?DELAY_10US?DELAY

?PR?_ESP8266SEND?MAIN          -----    -----      0008H    0004H
  +--> ?CO?MAIN
  +--> ?PR?PRINTF?PRINTF
  +--> ?PR?_DELAY_MS?DELAY



SYMBOL TABLE OF MODULE:  .\Objects\Graduation Test (MAIN)

  VALUE           TYPE          NAME
  ----------------------------------

  -------         MODULE        MAIN
  C:0000H         SYMBOL        _ICE_DUMMY_
  D:0080H         PUBLIC        P0
  D:0090H         PUBLIC        P1
  D:00A0H         PUBLIC        P2
  D:00B0H         PUBLIC        P3
  D:00C0H         PUBLIC        P4
  D:00C8H         PUBLIC        P5
  B:00A8H.7       PUBLIC        EA
  D:0022H         PUBLIC        U8T_data_H
BL51 BANKED LINKER/LOCATER V6.22                                                      08/24/2017  09:29:14  PAGE 3


  D:0023H         PUBLIC        U8T_data_L
  D:00A8H         PUBLIC        IE
  B:00A8H.4       PUBLIC        ES
  D:00B8H         PUBLIC        IP
  C:05E4H         PUBLIC        RH
  B:0098H.0       PUBLIC        RI
  B:0098H.1       PUBLIC        TI
  D:0024H         PUBLIC        U8T_data_H_temp
  D:0025H         PUBLIC        temph
  D:002DH         PUBLIC        U8T_data_L_temp
  B:00A0H.1       PUBLIC        dht11
  D:00D8H         PUBLIC        CCON
  C:0731H         PUBLIC        main
  D:002EH         PUBLIC        U8FLAG
  D:002FH         PUBLIC        U8checkdata
  D:0099H         PUBLIC        SBUF
  D:0087H         PUBLIC        PCON
  D:0098H         PUBLIC        SCON
  D:0088H         PUBLIC        TCON
  D:008EH         PUBLIC        AUXR
  D:0030H         PUBLIC        UART_buff
  D:0031H         PUBLIC        U8checkdata_temp
  D:0032H         PUBLIC        U8temp
  D:0033H         PUBLIC        U8RH_data_H
  D:0034H         PUBLIC        U8RH_data_L
  C:0766H         PUBLIC        InitUART
  B:00A0H.2       PUBLIC        LED
  C:0433H         PUBLIC        InitESP8266
  B:0088H.6       PUBLIC        TR1
  C:06A3H         PUBLIC        COM
  D:0035H         PUBLIC        U8RH_data_H_temp
  D:009CH         PUBLIC        BRT
  D:0036H         PUBLIC        U8RH_data_L_temp
  D:0037H         PUBLIC        k
  D:0038H         PUBLIC        U8comdata
  C:064EH         PUBLIC        _ESP8266SEND
  C:0003H         PUBLIC        ser_int
  D:00D0H         PUBLIC        PSW
  -------         PROC          MAIN
  C:0731H         LINE#         37
  C:0731H         LINE#         38
  C:0731H         LINE#         39
  C:0734H         LINE#         40
  C:0737H         LINE#         41
  C:0737H         LINE#         42
  C:0737H         LINE#         43
  C:073AH         LINE#         44
  C:0743H         LINE#         45
  C:074AH         LINE#         46
  -------         ENDPROC       MAIN
  -------         PROC          SER_INT
  C:0003H         LINE#         49
  C:0007H         LINE#         51
  C:000AH         LINE#         52
  C:000CH         LINE#         53
  C:000FH         LINE#         54
  C:0016H         LINE#         55
BL51 BANKED LINKER/LOCATER V6.22                                                      08/24/2017  09:29:14  PAGE 4


  C:001DH         LINE#         56
  C:001DH         LINE#         57
  -------         ENDPROC       SER_INT
  -------         PROC          INITUART
  C:0766H         LINE#         61
  C:0766H         LINE#         62
  C:0766H         LINE#         63
  C:0769H         LINE#         64
  C:076CH         LINE#         65
  C:076FH         LINE#         66
  C:0772H         LINE#         67
  C:0775H         LINE#         68
  C:0778H         LINE#         69
  C:077AH         LINE#         70
  C:077CH         LINE#         71
  C:077EH         LINE#         72
  -------         ENDPROC       INITUART
  -------         PROC          INITESP8266
  C:0433H         LINE#         75
  C:0433H         LINE#         76
  C:043AH         LINE#         78
  C:0443H         LINE#         79
  C:044AH         LINE#         81
  C:0453H         LINE#         82
  C:045AH         LINE#         84
  C:0463H         LINE#         85
  C:046AH         LINE#         87
  C:0473H         LINE#         88
  C:047AH         LINE#         90
  C:0483H         LINE#         91
  C:048AH         LINE#         93
  C:0493H         LINE#         94
  C:049AH         LINE#         96
  C:04A3H         LINE#         97
  C:04AAH         LINE#         99
  C:04B3H         LINE#         100
  C:04BAH         LINE#         102
  C:04C3H         LINE#         103
  -------         ENDPROC       INITESP8266
  -------         PROC          _ESP8266SEND
  D:0008H         SYMBOL        a
  -------         DO            
  D:000BH         SYMBOL        i
  -------         ENDDO         
  C:064EH         LINE#         108
  C:0654H         LINE#         109
  C:0654H         LINE#         112
  C:065DH         LINE#         113
  C:0664H         LINE#         115
  C:0667H         LINE#         116
  C:0681H         LINE#         117
  C:068AH         LINE#         118
  C:0693H         LINE#         119
  C:069AH         LINE#         121
  -------         ENDPROC       _ESP8266SEND
  -------         PROC          COM
  -------         DO            
BL51 BANKED LINKER/LOCATER V6.22                                                      08/24/2017  09:29:14  PAGE 5


  D:0008H         SYMBOL        i
  -------         ENDDO         
  C:06A3H         LINE#         127
  C:06A3H         LINE#         128
  C:06A3H         LINE#         130
  C:06A6H         LINE#         131
  C:06A6H         LINE#         132
  C:06A9H         LINE#         133
  C:06B3H         LINE#         134
  C:06B6H         LINE#         135
  C:06B9H         LINE#         136
  C:06BCH         LINE#         137
  C:06BFH         LINE#         138
  C:06C5H         LINE#         139
  C:06C8H         LINE#         140
  C:06D2H         LINE#         142
  C:06D8H         LINE#         147
  C:06DEH         LINE#         148
  C:06E2H         LINE#         149
  C:06EBH         LINE#         150
  -------         ENDPROC       COM
  -------         PROC          RH
  C:05E4H         LINE#         163
  C:05E4H         LINE#         164
  C:05E4H         LINE#         165
  C:05E6H         LINE#         167
  C:05E8H         LINE#         168
  C:05EBH         LINE#         169
  C:05EDH         LINE#         171
  C:05F0H         LINE#         172
  C:05F3H         LINE#         174
  C:05F5H         LINE#         176
  C:05F8H         LINE#         177
  C:05F8H         LINE#         178
  C:05FBH         LINE#         180
  C:0605H         LINE#         181
  C:0608H         LINE#         183
  C:0612H         LINE#         185
  C:0615H         LINE#         186
  C:0618H         LINE#         187
  C:061BH         LINE#         188
  C:061EH         LINE#         189
  C:0621H         LINE#         190
  C:0624H         LINE#         191
  C:0627H         LINE#         192
  C:062AH         LINE#         193
  C:062DH         LINE#         194
  C:0630H         LINE#         195
  C:0632H         LINE#         197
  C:063CH         LINE#         198
  C:063FH         LINE#         199
  C:063FH         LINE#         200
  C:0642H         LINE#         201
  C:0645H         LINE#         202
  C:0648H         LINE#         203
  C:064BH         LINE#         204
  C:064BH         LINE#         205
BL51 BANKED LINKER/LOCATER V6.22                                                      08/24/2017  09:29:14  PAGE 6


  C:064BH         LINE#         206
  C:064DH         LINE#         207
  -------         ENDPROC       RH
  -------         ENDMOD        MAIN

  -------         MODULE        DELAY
  C:0000H         SYMBOL        _ICE_DUMMY_
  C:0713H         PUBLIC        _delay
  C:0799H         PUBLIC        Delay_10us
  C:077FH         PUBLIC        Delay18ms
  C:074CH         PUBLIC        _delay_ms
  -------         PROC          _DELAY
  D:0006H         SYMBOL        a
  -------         DO            
  D:0004H         SYMBOL        i
  -------         ENDDO         
  C:0713H         LINE#         3
  C:0713H         LINE#         4
  C:0713H         LINE#         6
  C:071CH         LINE#         7
  C:0730H         LINE#         8
  -------         ENDPROC       _DELAY
  -------         PROC          DELAY_10US
  -------         DO            
  D:0007H         SYMBOL        i
  -------         ENDDO         
  C:0799H         LINE#         10
  C:0799H         LINE#         11
  C:0799H         LINE#         14
  C:079AH         LINE#         15
  C:079BH         LINE#         16
  C:079CH         LINE#         17
  C:079EH         LINE#         18
  C:07A0H         LINE#         19
  -------         ENDPROC       DELAY_10US
  -------         PROC          DELAY18MS
  -------         DO            
  D:0007H         SYMBOL        i
  D:0006H         SYMBOL        j
  D:0005H         SYMBOL        k
  -------         ENDDO         
  C:077FH         LINE#         21
  C:077FH         LINE#         22
  C:077FH         LINE#         25
  C:0780H         LINE#         26
  C:0781H         LINE#         27
  C:0783H         LINE#         28
  C:0785H         LINE#         29
  C:0787H         LINE#         31
  C:0787H         LINE#         33
  C:0787H         LINE#         34
  C:0789H         LINE#         35
  C:078BH         LINE#         36
  C:078DH         LINE#         37
  -------         ENDPROC       DELAY18MS
  -------         PROC          _DELAY_MS
  D:0006H         SYMBOL        t
BL51 BANKED LINKER/LOCATER V6.22                                                      08/24/2017  09:29:14  PAGE 7


  -------         DO            
  D:0004H         SYMBOL        a
  D:0005H         SYMBOL        b
  -------         ENDDO         
  C:074CH         LINE#         39
  C:074CH         LINE#         40
  C:074CH         LINE#         42
  C:0756H         LINE#         43
  C:0756H         LINE#         44
  C:075EH         LINE#         45
  C:0765H         LINE#         46
  C:0765H         LINE#         47
  -------         ENDPROC       _DELAY_MS
  -------         ENDMOD        DELAY

  -------         MODULE        ?C?CLDOPTR
  C:04CAH         PUBLIC        ?C?CLDOPTR
  -------         ENDMOD        ?C?CLDOPTR

  -------         MODULE        PRINTF
  D:000CH         PUBLIC        ?_PRINTF517?BYTE
  D:000CH         PUBLIC        ?_PRINTF?BYTE
  D:000CH         PUBLIC        ?_SPRINTF517?BYTE
  D:000CH         PUBLIC        ?_SPRINTF?BYTE
  C:0088H         PUBLIC        _PRINTF
  C:0088H         PUBLIC        _PRINTF517
  C:0082H         PUBLIC        _SPRINTF
  C:0082H         PUBLIC        _SPRINTF517
  -------         ENDMOD        PRINTF

  -------         MODULE        ?C?CLDPTR
  C:04F7H         PUBLIC        ?C?CLDPTR
  -------         ENDMOD        ?C?CLDPTR

  -------         MODULE        ?C?CSTPTR
  C:0510H         PUBLIC        ?C?CSTPTR
  -------         ENDMOD        ?C?CSTPTR

  -------         MODULE        ?C?PLDIIDATA
  C:0522H         PUBLIC        ?C?PLDIIDATA
  -------         ENDMOD        ?C?PLDIIDATA

  -------         MODULE        ?C?CCASE
  C:0532H         PUBLIC        ?C?CCASE
  -------         ENDMOD        ?C?CCASE

  -------         MODULE        PUTCHAR
  C:06ECH         PUBLIC        _PUTCHAR
  -------         ENDMOD        PUTCHAR

Program Size: data=57.1 xdata=0 code=1952
LINK/LOCATE RUN COMPLETE.  0 WARNING(S),  0 ERROR(S)
